
> app@0.1.0 build
> next build

   ▲ Next.js 15.4.0
   - Environments: .env.local

   Creating an optimized production build ...
Failed to compile.

./node_modules/@google-cloud/firestore/build/src/index.js:19:1
Module not found: Can't resolve 'stream'
  17 | Object.defineProperty(exports, "__esModule", { value: true });
  18 | exports.Firestore = exports.DEFAULT_MAX_IDLE_CHANNELS = exports.DEFAULT_MAX_TRANSACTION_ATTEMPTS = exports.MAX_REQUEST_RETRIES = exports.AggregateField = exports.Aggregate = exports.setLogFunction = exports.QueryPartition = exports.CollectionGroup = exports.GeoPoint = exports.FieldPath = exports.DocumentChange = exports.Timestamp = exports.Transaction = exports.WriteResult = exports.WriteBatch = exports.Filter = exports.VectorValue = exports.FieldValue = exports.QueryDocumentSnapshot = exports.DocumentSnapshot = exports.BulkWriter = exports.Query = exports.QuerySnapshot = exports.DocumentReference = exports.CollectionReference = void 0;
> 19 | const stream_1 = require("stream");
     | ^
  20 | const url_1 = require("url");
  21 | const backoff_1 = require("./backoff");
  22 | const bulk_writer_1 = require("./bulk-writer");

https://nextjs.org/docs/messages/module-not-found

Import trace for requested module:
./node_modules/firebase-admin/lib/firestore/index.js
./node_modules/firebase-admin/lib/esm/firestore/index.js
./src/lib/firebase-admin.ts
./src/app/api/download/route.ts
./node_modules/next/dist/build/webpack/loaders/next-edge-app-route-loader/index.js?absolutePagePath=private-next-app-dir%2Fapi%2Fdownload%2Froute.ts&page=%2Fapi%2Fdownload%2Froute&appDirLoader=bmV4dC1hcHAtbG9hZGVyP25hbWU9YXBwJTJGYXBpJTJGZG93bmxvYWQlMkZyb3V0ZSZwYWdlPSUyRmFwaSUyRmRvd25sb2FkJTJGcm91dGUmcGFnZVBhdGg9cHJpdmF0ZS1uZXh0LWFwcC1kaXIlMkZhcGklMkZkb3dubG9hZCUyRnJvdXRlLnRzJmFwcERpcj0lMkZVc2VycyUyRkRKRkxPV0VSWiUyRkRlc2t0b3AlMkZkai1mbG93ZXJ6JTJGc3JjJTJGYXBwJmFwcFBhdGhzPSUyRmFwaSUyRmRvd25sb2FkJTJGcm91dGUmcGFnZUV4dGVuc2lvbnM9dHN4JnBhZ2VFeHRlbnNpb25zPXRzJnBhZ2VFeHRlbnNpb25zPWpzeCZwYWdlRXh0ZW5zaW9ucz1qcyZiYXNlUGF0aD0mYXNzZXRQcmVmaXg9Jm5leHRDb25maWdPdXRwdXQ9JnByZWZlcnJlZFJlZ2lvbj0mbWlkZGxld2FyZUNvbmZpZz1lMzAlM0QmaXNHbG9iYWxOb3RGb3VuZEVuYWJsZWQ9IQ%3D%3D&nextConfig=eyJlbnYiOnt9LCJ3ZWJwYWNrIjpudWxsLCJlc2xpbnQiOnsiaWdub3JlRHVyaW5nQnVpbGRzIjp0cnVlfSwidHlwZXNjcmlwdCI6eyJpZ25vcmVCdWlsZEVycm9ycyI6dHJ1ZSwidHNjb25maWdQYXRoIjoidHNjb25maWcuanNvbiJ9LCJkaXN0RGlyIjoiLm5leHQiLCJjbGVhbkRpc3REaXIiOnRydWUsImFzc2V0UHJlZml4IjoiIiwiY2FjaGVNYXhNZW1vcnlTaXplIjo1MjQyODgwMCwiY29uZmlnT3JpZ2luIjoibmV4dC5jb25maWcudHMiLCJ1c2VGaWxlU3lzdGVtUHVibGljUm91dGVzIjp0cnVlLCJnZW5lcmF0ZUV0YWdzIjp0cnVlLCJwYWdlRXh0ZW5zaW9ucyI6WyJ0c3giLCJ0cyIsImpzeCIsImpzIl0sInBvd2VyZWRCeUhlYWRlciI6dHJ1ZSwiY29tcHJlc3MiOnRydWUsImltYWdlcyI6eyJkZXZpY2VTaXplcyI6WzY0MCw3NTAsODI4LDEwODAsMTIwMCwxOTIwLDIwNDgsMzg0MF0sImltYWdlU2l6ZXMiOlsxNiwzMiw0OCw2NCw5NiwxMjgsMjU2LDM4NF0sInBhdGgiOiIvX25leHQvaW1hZ2UiLCJsb2FkZXIiOiJkZWZhdWx0IiwibG9hZGVyRmlsZSI6IiIsImRvbWFpbnMiOltdLCJkaXNhYmxlU3RhdGljSW1hZ2VzIjpmYWxzZSwibWluaW11bUNhY2hlVFRMIjo2MCwiZm9ybWF0cyI6WyJpbWFnZS93ZWJwIl0sImRhbmdlcm91c2x5QWxsb3dTVkciOmZhbHNlLCJjb250ZW50U2VjdXJpdHlQb2xpY3kiOiJzY3JpcHQtc3JjICdub25lJzsgZnJhbWUtc3JjICdub25lJzsgc2FuZGJveDsiLCJjb250ZW50RGlzcG9zaXRpb25UeXBlIjoiYXR0YWNobWVudCIsInJlbW90ZVBhdHRlcm5zIjpbeyJwcm90b2NvbCI6Imh0dHBzIiwiaG9zdG5hbWUiOiIqKiJ9LHsicHJvdG9jb2wiOiJodHRwIiwiaG9zdG5hbWUiOiIqKiJ9XSwidW5vcHRpbWl6ZWQiOnRydWV9LCJkZXZJbmRpY2F0b3JzIjp7InBvc2l0aW9uIjoiYm90dG9tLWxlZnQifSwib25EZW1hbmRFbnRyaWVzIjp7Im1heEluYWN0aXZlQWdlIjo2MDAwMCwicGFnZXNCdWZmZXJMZW5ndGgiOjV9LCJhbXAiOnsiY2Fub25pY2FsQmFzZSI6IiJ9LCJiYXNlUGF0aCI6IiIsInNhc3NPcHRpb25zIjp7fSwidHJhaWxpbmdTbGFzaCI6ZmFsc2UsImkxOG4iOm51bGwsInByb2R1Y3Rpb25Ccm93c2VyU291cmNlTWFwcyI6ZmFsc2UsImV4Y2x1ZGVEZWZhdWx0TW9tZW50TG9jYWxlcyI6dHJ1ZSwic2VydmVyUnVudGltZUNvbmZpZyI6e30sInB1YmxpY1J1bnRpbWVDb25maWciOnt9LCJyZWFjdFByb2R1Y3Rpb25Qcm9maWxpbmciOmZhbHNlLCJyZWFjdFN0cmljdE1vZGUiOm51bGwsInJlYWN0TWF4SGVhZGVyc0xlbmd0aCI6NjAwMCwiaHR0cEFnZW50T3B0aW9ucyI6eyJrZWVwQWxpdmUiOnRydWV9LCJsb2dnaW5nIjp7fSwiY29tcGlsZXIiOnt9LCJleHBpcmVUaW1lIjozMTUzNjAwMCwic3RhdGljUGFnZUdlbmVyYXRpb25UaW1lb3V0Ijo2MCwibW9kdWxhcml6ZUltcG9ydHMiOnsiQG11aS9pY29ucy1tYXRlcmlhbCI6eyJ0cmFuc2Zvcm0iOiJAbXVpL2ljb25zLW1hdGVyaWFsL3t7bWVtYmVyfX0ifSwibG9kYXNoIjp7InRyYW5zZm9ybSI6ImxvZGFzaC97e21lbWJlcn19In19LCJvdXRwdXRGaWxlVHJhY2luZ1Jvb3QiOiIvVXNlcnMvREpGTE9XRVJaL0Rlc2t0b3AvZGotZmxvd2VyeiIsImV4cGVyaW1lbnRhbCI6eyJ1c2VTa2V3Q29va2llIjpmYWxzZSwibm9kZU1pZGRsZXdhcmUiOmZhbHNlLCJjYWNoZUxpZmUiOnsiZGVmYXVsdCI6eyJzdGFsZSI6MzAwLCJyZXZhbGlkYXRlIjo5MDAsImV4cGlyZSI6NDI5NDk2NzI5NH0sInNlY29uZHMiOnsic3RhbGUiOjAsInJldmFsaWRhdGUiOjEsImV4cGlyZSI6NjB9LCJtaW51dGVzIjp7InN0YWxlIjozMDAsInJldmFsaWRhdGUiOjYwLCJleHBpcmUiOjM2MDB9LCJob3VycyI6eyJzdGFsZSI6MzAwLCJyZXZhbGlkYXRlIjozNjAwLCJleHBpcmUiOjg2NDAwfSwiZGF5cyI6eyJzdGFsZSI6MzAwLCJyZXZhbGlkYXRlIjo4NjQwMCwiZXhwaXJlIjo2MDQ4MDB9LCJ3ZWVrcyI6eyJzdGFsZSI6MzAwLCJyZXZhbGlkYXRlIjo2MDQ4MDAsImV4cGlyZSI6MjU5MjAwMH0sIm1heCI6eyJzdGFsZSI6MzAwLCJyZXZhbGlkYXRlIjoyNTkyMDAwLCJleHBpcmUiOjQyOTQ5NjcyOTR9fSwiY2FjaGVIYW5kbGVycyI6e30sImNzc0NodW5raW5nIjp0cnVlLCJtdWx0aVpvbmVEcmFmdE1vZGUiOmZhbHNlLCJhcHBOYXZGYWlsSGFuZGxpbmciOmZhbHNlLCJwcmVyZW5kZXJFYXJseUV4aXQiOnRydWUsInNlcnZlck1pbmlmaWNhdGlvbiI6dHJ1ZSwiZW5hYmxlUHJlcmVuZGVyU291cmNlTWFwcyI6ZmFsc2UsInNlcnZlclNvdXJjZU1hcHMiOmZhbHNlLCJsaW5rTm9Ub3VjaFN0YXJ0IjpmYWxzZSwiY2FzZVNlbnNpdGl2ZVJvdXRlcyI6ZmFsc2UsImNsaWVudFNlZ21lbnRDYWNoZSI6ZmFsc2UsImR5bmFtaWNPbkhvdmVyIjpmYWxzZSwicHJlbG9hZEVudHJpZXNPblN0YXJ0Ijp0cnVlLCJjbGllbnRSb3V0ZXJGaWx0ZXIiOnRydWUsImNsaWVudFJvdXRlckZpbHRlclJlZGlyZWN0cyI6ZmFsc2UsImZldGNoQ2FjaGVLZXlQcmVmaXgiOiIiLCJtaWRkbGV3YXJlUHJlZmV0Y2giOiJmbGV4aWJsZSIsIm9wdGltaXN0aWNDbGllbnRDYWNoZSI6dHJ1ZSwibWFudWFsQ2xpZW50QmFzZVBhdGgiOmZhbHNlLCJjcHVzIjo3LCJtZW1vcnlCYXNlZFdvcmtlcnNDb3VudCI6ZmFsc2UsImltZ09wdENvbmN1cnJlbmN5IjpudWxsLCJpbWdPcHRUaW1lb3V0SW5TZWNvbmRzIjo3LCJpbWdPcHRNYXhJbnB1dFBpeGVscyI6MjY4NDAyNjg5LCJpbWdPcHRTZXF1ZW50aWFsUmVhZCI6bnVsbCwiaXNyRmx1c2hUb0Rpc2siOnRydWUsIndvcmtlclRocmVhZHMiOmZhbHNlLCJvcHRpbWl6ZUNzcyI6ZmFsc2UsIm5leHRTY3JpcHRXb3JrZXJzIjpmYWxzZSwic2Nyb2xsUmVzdG9yYXRpb24iOmZhbHNlLCJleHRlcm5hbERpciI6ZmFsc2UsImRpc2FibGVPcHRpbWl6ZWRMb2FkaW5nIjpmYWxzZSwiZ3ppcFNpemUiOnRydWUsImNyYUNvbXBhdCI6ZmFsc2UsImVzbUV4dGVybmFscyI6dHJ1ZSwiZnVsbHlTcGVjaWZpZWQiOmZhbHNlLCJzd2NUcmFjZVByb2ZpbGluZyI6ZmFsc2UsImZvcmNlU3djVHJhbnNmb3JtcyI6ZmFsc2UsImxhcmdlUGFnZURhdGFCeXRlcyI6MTI4MDAwLCJ0eXBlZFJvdXRlcyI6ZmFsc2UsInR5cGVkRW52IjpmYWxzZSwicGFyYWxsZWxTZXJ2ZXJDb21waWxlcyI6ZmFsc2UsInBhcmFsbGVsU2VydmVyQnVpbGRUcmFjZXMiOmZhbHNlLCJwcHIiOmZhbHNlLCJhdXRoSW50ZXJydXB0cyI6ZmFsc2UsIndlYnBhY2tNZW1vcnlPcHRpbWl6YXRpb25zIjpmYWxzZSwib3B0aW1pemVTZXJ2ZXJSZWFjdCI6dHJ1ZSwidXNlRWFybHlJbXBvcnQiOmZhbHNlLCJ2aWV3VHJhbnNpdGlvbiI6ZmFsc2UsInJvdXRlckJGQ2FjaGUiOmZhbHNlLCJyZW1vdmVVbmNhdWdodEVycm9yQW5kUmVqZWN0aW9uTGlzdGVuZXJzIjpmYWxzZSwic3RhbGVUaW1lcyI6eyJkeW5hbWljIjowLCJzdGF0aWMiOjMwMH0sInNlcnZlckNvbXBvbmVudHNIbXJDYWNoZSI6dHJ1ZSwic3RhdGljR2VuZXJhdGlvbk1heENvbmN1cnJlbmN5Ijo4LCJzdGF0aWNHZW5lcmF0aW9uTWluUGFnZXNQZXJXb3JrZXIiOjI1LCJkeW5hbWljSU8iOmZhbHNlLCJpbmxpbmVDc3MiOmZhbHNlLCJ1c2VDYWNoZSI6ZmFsc2UsImdsb2JhbE5vdEZvdW5kIjpmYWxzZSwiZGV2dG9vbFNlZ21lbnRFeHBsb3JlciI6ZmFsc2UsIm9wdGltaXplUGFja2FnZUltcG9ydHMiOlsibHVjaWRlLXJlYWN0IiwiZGF0ZS1mbnMiLCJsb2Rhc2gtZXMiLCJyYW1kYSIsImFudGQiLCJyZWFjdC1ib290c3RyYXAiLCJhaG9va3MiLCJAYW50LWRlc2lnbi9pY29ucyIsIkBoZWFkbGVzc3VpL3JlYWN0IiwiQGhlYWRsZXNzdWktZmxvYXQvcmVhY3QiLCJAaGVyb2ljb25zL3JlYWN0LzIwL3NvbGlkIiwiQGhlcm9pY29ucy9yZWFjdC8yNC9zb2xpZCIsIkBoZXJvaWNvbnMvcmVhY3QvMjQvb3V0bGluZSIsIkB2aXN4L3Zpc3giLCJAdHJlbW9yL3JlYWN0IiwicnhqcyIsIkBtdWkvbWF0ZXJpYWwiLCJAbXVpL2ljb25zLW1hdGVyaWFsIiwicmVjaGFydHMiLCJyZWFjdC11c2UiLCJlZmZlY3QiLCJAZWZmZWN0L3NjaGVtYSIsIkBlZmZlY3QvcGxhdGZvcm0iLCJAZWZmZWN0L3BsYXRmb3JtLW5vZGUiLCJAZWZmZWN0L3BsYXRmb3JtLWJyb3dzZXIiLCJAZWZmZWN0L3BsYXRmb3JtLWJ1biIsIkBlZmZlY3Qvc3FsIiwiQGVmZmVjdC9zcWwtbXNzcWwiLCJAZWZmZWN0L3NxbC1teXNxbDIiLCJAZWZmZWN0L3NxbC1wZyIsIkBlZmZlY3Qvc3FsLXNxdWxpdGUtbm9kZSIsIkBlZmZlY3Qvc3FsLXNxdWxpdGUtYnVuIiwiQGVmZmVjdC9zcWwtc3F1bGl0ZS13YXNtIiwiQGVmZmVjdC9zcWwtc3F1bGl0ZS1yZWFjdC1uYXRpdmUiLCJAZWZmZWN0L3JwYyIsIkBlZmZlY3QvcnBjLWh0dHAiLCJAZWZmZWN0L3R5cGVjbGFzcyIsIkBlZmZlY3QvZXhwZXJpbWVudGFsIiwiQGVmZmVjdC9vcGVudGVsZW1ldHJ5IiwiQG1hdGVyaWFsLXVpL2NvcmUiLCJAbWF0ZXJpYWwtdWkvaWNvbnMiLCJAdGFibGVyL2ljb25zLXJlYWN0IiwibXVpLWNvcmUiLCJyZWFjdC1pY29ucy9haSIsInJlYWN0LWljb25zL2JpIiwicmVhY3QtaWNvbnMvYnMiLCJyZWFjdC1pY29ucy9jZyIsInJlYWN0LWljb25zL2NpIiwicmVhY3QtaWNvbnMvZGkiLCJyZWFjdC1pY29ucy9mYSIsInJlYWN0LWljb25zL2ZhNiIsInJlYWN0LWljb25zL2ZjIiwicmVhY3QtaWNvbnMvZmkiLCJyZWFjdC1pY29ucy9naSIsInJlYWN0LWljb25zL2dvIiwicmVhY3QtaWNvbnMvZ3IiLCJyZWFjdC1pY29ucy9oaSIsInJlYWN0LWljb25zL2hpMiIsInJlYWN0LWljb25zL2ltIiwicmVhY3QtaWNvbnMvaW8iLCJyZWFjdC1pY29ucy9pbzUiLCJyZWFjdC1pY29ucy9saWEiLCJyZWFjdC1pY29ucy9saWIiLCJyZWFjdC1pY29ucy9sdSIsInJlYWN0LWljb25zL21kIiwicmVhY3QtaWNvbnMvcGkiLCJyZWFjdC1pY29ucy9yaSIsInJlYWN0LWljb25zL3J4IiwicmVhY3QtaWNvbnMvc2kiLCJyZWFjdC1pY29ucy9zbCIsInJlYWN0LWljb25zL3RiIiwicmVhY3QtaWNvbnMvdGZpIiwicmVhY3QtaWNvbnMvdGkiLCJyZWFjdC1pY29ucy92c2MiLCJyZWFjdC1pY29ucy93aSJdfSwiaHRtbExpbWl0ZWRCb3RzIjoiTWVkaWFwYXJ0bmVycy1Hb29nbGV8U2x1cnB8RHVja0R1Y2tCb3R8YmFpZHVzcGlkZXJ8eWFuZGV4fHNvZ291fGJpdGx5Ym90fHR1bWJscnx2a1NoYXJlfHF1b3JhIGxpbmsgcHJldmlld3xyZWRkaXRib3R8aWFfYXJjaGl2ZXJ8QmluZ2JvdHxCaW5nUHJldmlld3xhcHBsZWJvdHxmYWNlYm9va2V4dGVybmFsaGl0fGZhY2Vib29rY2F0YWxvZ3xUd2l0dGVyYm90fExpbmtlZEluQm90fFNsYWNrYm90fERpc2NvcmRib3R8V2hhdHNBcHB8U2t5cGVVcmlQcmV2aWV3fFlldGkiLCJidW5kbGVQYWdlc1JvdXRlckRlcGVuZGVuY2llcyI6ZmFsc2UsImNvbmZpZ0ZpbGUiOiIvVXNlcnMvREpGTE9XRVJaL0Rlc2t0b3AvZGotZmxvd2Vyei9uZXh0LmNvbmZpZy50cyIsImNvbmZpZ0ZpbGVOYW1lIjoibmV4dC5jb25maWcudHMiLCJ0dXJib3BhY2siOnsicnVsZXMiOnsiKi57anN4LHRzeH0iOnsibG9hZGVycyI6WyIvVXNlcnMvREpGTE9XRVJaL0Rlc2t0b3AvZGotZmxvd2Vyei9ub2RlX21vZHVsZXMvb3JjaGlkcy12aXN1YWwtZWRpdHMvc3JjL2NvbXBvbmVudC10YWdnZXItbG9hZGVyLmpzIl19fSwicm9vdCI6Ii9Vc2Vycy9ESkZMT1dFUlovRGVza3RvcC9kai1mbG93ZXJ6In19&preferredRegion=&middlewareConfig=e30%3D&cacheHandlers=%7B%7D!

./node_modules/@google-cloud/firestore/build/src/reference/aggregate-query.js:27:1
Module not found: Can't resolve 'stream'
  25 | const logger_1 = require("../logger");
  26 | const aggregate_query_snapshot_1 = require("./aggregate-query-snapshot");
> 27 | const stream_1 = require("stream");
     | ^
  28 | const trace_util_1 = require("../telemetry/trace-util");
  29 | /**
  30 |  * A query that calculates aggregations over an underlying query.

https://nextjs.org/docs/messages/module-not-found

Import trace for requested module:
./node_modules/@google-cloud/firestore/build/src/transaction.js
./node_modules/@google-cloud/firestore/build/src/index.js
./node_modules/firebase-admin/lib/firestore/index.js
./node_modules/firebase-admin/lib/esm/firestore/index.js
./src/lib/firebase-admin.ts
./src/app/api/download/route.ts
./node_modules/next/dist/build/webpack/loaders/next-edge-app-route-loader/index.js?absolutePagePath=private-next-app-dir%2Fapi%2Fdownload%2Froute.ts&page=%2Fapi%2Fdownload%2Froute&appDirLoader=bmV4dC1hcHAtbG9hZGVyP25hbWU9YXBwJTJGYXBpJTJGZG93bmxvYWQlMkZyb3V0ZSZwYWdlPSUyRmFwaSUyRmRvd25sb2FkJTJGcm91dGUmcGFnZVBhdGg9cHJpdmF0ZS1uZXh0LWFwcC1kaXIlMkZhcGklMkZkb3dubG9hZCUyRnJvdXRlLnRzJmFwcERpcj0lMkZVc2VycyUyRkRKRkxPV0VSWiUyRkRlc2t0b3AlMkZkai1mbG93ZXJ6JTJGc3JjJTJGYXBwJmFwcFBhdGhzPSUyRmFwaSUyRmRvd25sb2FkJTJGcm91dGUmcGFnZUV4dGVuc2lvbnM9dHN4JnBhZ2VFeHRlbnNpb25zPXRzJnBhZ2VFeHRlbnNpb25zPWpzeCZwYWdlRXh0ZW5zaW9ucz1qcyZiYXNlUGF0aD0mYXNzZXRQcmVmaXg9Jm5leHRDb25maWdPdXRwdXQ9JnByZWZlcnJlZFJlZ2lvbj0mbWlkZGxld2FyZUNvbmZpZz1lMzAlM0QmaXNHbG9iYWxOb3RGb3VuZEVuYWJsZWQ9IQ%3D%3D&nextConfig=eyJlbnYiOnt9LCJ3ZWJwYWNrIjpudWxsLCJlc2xpbnQiOnsiaWdub3JlRHVyaW5nQnVpbGRzIjp0cnVlfSwidHlwZXNjcmlwdCI6eyJpZ25vcmVCdWlsZEVycm9ycyI6dHJ1ZSwidHNjb25maWdQYXRoIjoidHNjb25maWcuanNvbiJ9LCJkaXN0RGlyIjoiLm5leHQiLCJjbGVhbkRpc3REaXIiOnRydWUsImFzc2V0UHJlZml4IjoiIiwiY2FjaGVNYXhNZW1vcnlTaXplIjo1MjQyODgwMCwiY29uZmlnT3JpZ2luIjoibmV4dC5jb25maWcudHMiLCJ1c2VGaWxlU3lzdGVtUHVibGljUm91dGVzIjp0cnVlLCJnZW5lcmF0ZUV0YWdzIjp0cnVlLCJwYWdlRXh0ZW5zaW9ucyI6WyJ0c3giLCJ0cyIsImpzeCIsImpzIl0sInBvd2VyZWRCeUhlYWRlciI6dHJ1ZSwiY29tcHJlc3MiOnRydWUsImltYWdlcyI6eyJkZXZpY2VTaXplcyI6WzY0MCw3NTAsODI4LDEwODAsMTIwMCwxOTIwLDIwNDgsMzg0MF0sImltYWdlU2l6ZXMiOlsxNiwzMiw0OCw2NCw5NiwxMjgsMjU2LDM4NF0sInBhdGgiOiIvX25leHQvaW1hZ2UiLCJsb2FkZXIiOiJkZWZhdWx0IiwibG9hZGVyRmlsZSI6IiIsImRvbWFpbnMiOltdLCJkaXNhYmxlU3RhdGljSW1hZ2VzIjpmYWxzZSwibWluaW11bUNhY2hlVFRMIjo2MCwiZm9ybWF0cyI6WyJpbWFnZS93ZWJwIl0sImRhbmdlcm91c2x5QWxsb3dTVkciOmZhbHNlLCJjb250ZW50U2VjdXJpdHlQb2xpY3kiOiJzY3JpcHQtc3JjICdub25lJzsgZnJhbWUtc3JjICdub25lJzsgc2FuZGJveDsiLCJjb250ZW50RGlzcG9zaXRpb25UeXBlIjoiYXR0YWNobWVudCIsInJlbW90ZVBhdHRlcm5zIjpbeyJwcm90b2NvbCI6Imh0dHBzIiwiaG9zdG5hbWUiOiIqKiJ9LHsicHJvdG9jb2wiOiJodHRwIiwiaG9zdG5hbWUiOiIqKiJ9XSwidW5vcHRpbWl6ZWQiOnRydWV9LCJkZXZJbmRpY2F0b3JzIjp7InBvc2l0aW9uIjoiYm90dG9tLWxlZnQifSwib25EZW1hbmRFbnRyaWVzIjp7Im1heEluYWN0aXZlQWdlIjo2MDAwMCwicGFnZXNCdWZmZXJMZW5ndGgiOjV9LCJhbXAiOnsiY2Fub25pY2FsQmFzZSI6IiJ9LCJiYXNlUGF0aCI6IiIsInNhc3NPcHRpb25zIjp7fSwidHJhaWxpbmdTbGFzaCI6ZmFsc2UsImkxOG4iOm51bGwsInByb2R1Y3Rpb25Ccm93c2VyU291cmNlTWFwcyI6ZmFsc2UsImV4Y2x1ZGVEZWZhdWx0TW9tZW50TG9jYWxlcyI6dHJ1ZSwic2VydmVyUnVudGltZUNvbmZpZyI6e30sInB1YmxpY1J1bnRpbWVDb25maWciOnt9LCJyZWFjdFByb2R1Y3Rpb25Qcm9maWxpbmciOmZhbHNlLCJyZWFjdFN0cmljdE1vZGUiOm51bGwsInJlYWN0TWF4SGVhZGVyc0xlbmd0aCI6NjAwMCwiaHR0cEFnZW50T3B0aW9ucyI6eyJrZWVwQWxpdmUiOnRydWV9LCJsb2dnaW5nIjp7fSwiY29tcGlsZXIiOnt9LCJleHBpcmVUaW1lIjozMTUzNjAwMCwic3RhdGljUGFnZUdlbmVyYXRpb25UaW1lb3V0Ijo2MCwibW9kdWxhcml6ZUltcG9ydHMiOnsiQG11aS9pY29ucy1tYXRlcmlhbCI6eyJ0cmFuc2Zvcm0iOiJAbXVpL2ljb25zLW1hdGVyaWFsL3t7bWVtYmVyfX0ifSwibG9kYXNoIjp7InRyYW5zZm9ybSI6ImxvZGFzaC97e21lbWJlcn19In19LCJvdXRwdXRGaWxlVHJhY2luZ1Jvb3QiOiIvVXNlcnMvREpGTE9XRVJaL0Rlc2t0b3AvZGotZmxvd2VyeiIsImV4cGVyaW1lbnRhbCI6eyJ1c2VTa2V3Q29va2llIjpmYWxzZSwibm9kZU1pZGRsZXdhcmUiOmZhbHNlLCJjYWNoZUxpZmUiOnsiZGVmYXVsdCI6eyJzdGFsZSI6MzAwLCJyZXZhbGlkYXRlIjo5MDAsImV4cGlyZSI6NDI5NDk2NzI5NH0sInNlY29uZHMiOnsic3RhbGUiOjAsInJldmFsaWRhdGUiOjEsImV4cGlyZSI6NjB9LCJtaW51dGVzIjp7InN0YWxlIjozMDAsInJldmFsaWRhdGUiOjYwLCJleHBpcmUiOjM2MDB9LCJob3VycyI6eyJzdGFsZSI6MzAwLCJyZXZhbGlkYXRlIjozNjAwLCJleHBpcmUiOjg2NDAwfSwiZGF5cyI6eyJzdGFsZSI6MzAwLCJyZXZhbGlkYXRlIjo4NjQwMCwiZXhwaXJlIjo2MDQ4MDB9LCJ3ZWVrcyI6eyJzdGFsZSI6MzAwLCJyZXZhbGlkYXRlIjo2MDQ4MDAsImV4cGlyZSI6MjU5MjAwMH0sIm1heCI6eyJzdGFsZSI6MzAwLCJyZXZhbGlkYXRlIjoyNTkyMDAwLCJleHBpcmUiOjQyOTQ5NjcyOTR9fSwiY2FjaGVIYW5kbGVycyI6e30sImNzc0NodW5raW5nIjp0cnVlLCJtdWx0aVpvbmVEcmFmdE1vZGUiOmZhbHNlLCJhcHBOYXZGYWlsSGFuZGxpbmciOmZhbHNlLCJwcmVyZW5kZXJFYXJseUV4aXQiOnRydWUsInNlcnZlck1pbmlmaWNhdGlvbiI6dHJ1ZSwiZW5hYmxlUHJlcmVuZGVyU291cmNlTWFwcyI6ZmFsc2UsInNlcnZlclNvdXJjZU1hcHMiOmZhbHNlLCJsaW5rTm9Ub3VjaFN0YXJ0IjpmYWxzZSwiY2FzZVNlbnNpdGl2ZVJvdXRlcyI6ZmFsc2UsImNsaWVudFNlZ21lbnRDYWNoZSI6ZmFsc2UsImR5bmFtaWNPbkhvdmVyIjpmYWxzZSwicHJlbG9hZEVudHJpZXNPblN0YXJ0Ijp0cnVlLCJjbGllbnRSb3V0ZXJGaWx0ZXIiOnRydWUsImNsaWVudFJvdXRlckZpbHRlclJlZGlyZWN0cyI6ZmFsc2UsImZldGNoQ2FjaGVLZXlQcmVmaXgiOiIiLCJtaWRkbGV3YXJlUHJlZmV0Y2giOiJmbGV4aWJsZSIsIm9wdGltaXN0aWNDbGllbnRDYWNoZSI6dHJ1ZSwibWFudWFsQ2xpZW50QmFzZVBhdGgiOmZhbHNlLCJjcHVzIjo3LCJtZW1vcnlCYXNlZFdvcmtlcnNDb3VudCI6ZmFsc2UsImltZ09wdENvbmN1cnJlbmN5IjpudWxsLCJpbWdPcHRUaW1lb3V0SW5TZWNvbmRzIjo3LCJpbWdPcHRNYXhJbnB1dFBpeGVscyI6MjY4NDAyNjg5LCJpbWdPcHRTZXF1ZW50aWFsUmVhZCI6bnVsbCwiaXNyRmx1c2hUb0Rpc2siOnRydWUsIndvcmtlclRocmVhZHMiOmZhbHNlLCJvcHRpbWl6ZUNzcyI6ZmFsc2UsIm5leHRTY3JpcHRXb3JrZXJzIjpmYWxzZSwic2Nyb2xsUmVzdG9yYXRpb24iOmZhbHNlLCJleHRlcm5hbERpciI6ZmFsc2UsImRpc2FibGVPcHRpbWl6ZWRMb2FkaW5nIjpmYWxzZSwiZ3ppcFNpemUiOnRydWUsImNyYUNvbXBhdCI6ZmFsc2UsImVzbUV4dGVybmFscyI6dHJ1ZSwiZnVsbHlTcGVjaWZpZWQiOmZhbHNlLCJzd2NUcmFjZVByb2ZpbGluZyI6ZmFsc2UsImZvcmNlU3djVHJhbnNmb3JtcyI6ZmFsc2UsImxhcmdlUGFnZURhdGFCeXRlcyI6MTI4MDAwLCJ0eXBlZFJvdXRlcyI6ZmFsc2UsInR5cGVkRW52IjpmYWxzZSwicGFyYWxsZWxTZXJ2ZXJDb21waWxlcyI6ZmFsc2UsInBhcmFsbGVsU2VydmVyQnVpbGRUcmFjZXMiOmZhbHNlLCJwcHIiOmZhbHNlLCJhdXRoSW50ZXJydXB0cyI6ZmFsc2UsIndlYnBhY2tNZW1vcnlPcHRpbWl6YXRpb25zIjpmYWxzZSwib3B0aW1pemVTZXJ2ZXJSZWFjdCI6dHJ1ZSwidXNlRWFybHlJbXBvcnQiOmZhbHNlLCJ2aWV3VHJhbnNpdGlvbiI6ZmFsc2UsInJvdXRlckJGQ2FjaGUiOmZhbHNlLCJyZW1vdmVVbmNhdWdodEVycm9yQW5kUmVqZWN0aW9uTGlzdGVuZXJzIjpmYWxzZSwic3RhbGVUaW1lcyI6eyJkeW5hbWljIjowLCJzdGF0aWMiOjMwMH0sInNlcnZlckNvbXBvbmVudHNIbXJDYWNoZSI6dHJ1ZSwic3RhdGljR2VuZXJhdGlvbk1heENvbmN1cnJlbmN5Ijo4LCJzdGF0aWNHZW5lcmF0aW9uTWluUGFnZXNQZXJXb3JrZXIiOjI1LCJkeW5hbWljSU8iOmZhbHNlLCJpbmxpbmVDc3MiOmZhbHNlLCJ1c2VDYWNoZSI6ZmFsc2UsImdsb2JhbE5vdEZvdW5kIjpmYWxzZSwiZGV2dG9vbFNlZ21lbnRFeHBsb3JlciI6ZmFsc2UsIm9wdGltaXplUGFja2FnZUltcG9ydHMiOlsibHVjaWRlLXJlYWN0IiwiZGF0ZS1mbnMiLCJsb2Rhc2gtZXMiLCJyYW1kYSIsImFudGQiLCJyZWFjdC1ib290c3RyYXAiLCJhaG9va3MiLCJAYW50LWRlc2lnbi9pY29ucyIsIkBoZWFkbGVzc3VpL3JlYWN0IiwiQGhlYWRsZXNzdWktZmxvYXQvcmVhY3QiLCJAaGVyb2ljb25zL3JlYWN0LzIwL3NvbGlkIiwiQGhlcm9pY29ucy9yZWFjdC8yNC9zb2xpZCIsIkBoZXJvaWNvbnMvcmVhY3QvMjQvb3V0bGluZSIsIkB2aXN4L3Zpc3giLCJAdHJlbW9yL3JlYWN0IiwicnhqcyIsIkBtdWkvbWF0ZXJpYWwiLCJAbXVpL2ljb25zLW1hdGVyaWFsIiwicmVjaGFydHMiLCJyZWFjdC11c2UiLCJlZmZlY3QiLCJAZWZmZWN0L3NjaGVtYSIsIkBlZmZlY3QvcGxhdGZvcm0iLCJAZWZmZWN0L3BsYXRmb3JtLW5vZGUiLCJAZWZmZWN0L3BsYXRmb3JtLWJyb3dzZXIiLCJAZWZmZWN0L3BsYXRmb3JtLWJ1biIsIkBlZmZlY3Qvc3FsIiwiQGVmZmVjdC9zcWwtbXNzcWwiLCJAZWZmZWN0L3NxbC1teXNxbDIiLCJAZWZmZWN0L3NxbC1wZyIsIkBlZmZlY3Qvc3FsLXNxdWxpdGUtbm9kZSIsIkBlZmZlY3Qvc3FsLXNxdWxpdGUtYnVuIiwiQGVmZmVjdC9zcWwtc3F1bGl0ZS13YXNtIiwiQGVmZmVjdC9zcWwtc3F1bGl0ZS1yZWFjdC1uYXRpdmUiLCJAZWZmZWN0L3JwYyIsIkBlZmZlY3QvcnBjLWh0dHAiLCJAZWZmZWN0L3R5cGVjbGFzcyIsIkBlZmZlY3QvZXhwZXJpbWVudGFsIiwiQGVmZmVjdC9vcGVudGVsZW1ldHJ5IiwiQG1hdGVyaWFsLXVpL2NvcmUiLCJAbWF0ZXJpYWwtdWkvaWNvbnMiLCJAdGFibGVyL2ljb25zLXJlYWN0IiwibXVpLWNvcmUiLCJyZWFjdC1pY29ucy9haSIsInJlYWN0LWljb25zL2JpIiwicmVhY3QtaWNvbnMvYnMiLCJyZWFjdC1pY29ucy9jZyIsInJlYWN0LWljb25zL2NpIiwicmVhY3QtaWNvbnMvZGkiLCJyZWFjdC1pY29ucy9mYSIsInJlYWN0LWljb25zL2ZhNiIsInJlYWN0LWljb25zL2ZjIiwicmVhY3QtaWNvbnMvZmkiLCJyZWFjdC1pY29ucy9naSIsInJlYWN0LWljb25zL2dvIiwicmVhY3QtaWNvbnMvZ3IiLCJyZWFjdC1pY29ucy9oaSIsInJlYWN0LWljb25zL2hpMiIsInJlYWN0LWljb25zL2ltIiwicmVhY3QtaWNvbnMvaW8iLCJyZWFjdC1pY29ucy9pbzUiLCJyZWFjdC1pY29ucy9saWEiLCJyZWFjdC1pY29ucy9saWIiLCJyZWFjdC1pY29ucy9sdSIsInJlYWN0LWljb25zL21kIiwicmVhY3QtaWNvbnMvcGkiLCJyZWFjdC1pY29ucy9yaSIsInJlYWN0LWljb25zL3J4IiwicmVhY3QtaWNvbnMvc2kiLCJyZWFjdC1pY29ucy9zbCIsInJlYWN0LWljb25zL3RiIiwicmVhY3QtaWNvbnMvdGZpIiwicmVhY3QtaWNvbnMvdGkiLCJyZWFjdC1pY29ucy92c2MiLCJyZWFjdC1pY29ucy93aSJdfSwiaHRtbExpbWl0ZWRCb3RzIjoiTWVkaWFwYXJ0bmVycy1Hb29nbGV8U2x1cnB8RHVja0R1Y2tCb3R8YmFpZHVzcGlkZXJ8eWFuZGV4fHNvZ291fGJpdGx5Ym90fHR1bWJscnx2a1NoYXJlfHF1b3JhIGxpbmsgcHJldmlld3xyZWRkaXRib3R8aWFfYXJjaGl2ZXJ8QmluZ2JvdHxCaW5nUHJldmlld3xhcHBsZWJvdHxmYWNlYm9va2V4dGVybmFsaGl0fGZhY2Vib29rY2F0YWxvZ3xUd2l0dGVyYm90fExpbmtlZEluQm90fFNsYWNrYm90fERpc2NvcmRib3R8V2hhdHNBcHB8U2t5cGVVcmlQcmV2aWV3fFlldGkiLCJidW5kbGVQYWdlc1JvdXRlckRlcGVuZGVuY2llcyI6ZmFsc2UsImNvbmZpZ0ZpbGUiOiIvVXNlcnMvREpGTE9XRVJaL0Rlc2t0b3AvZGotZmxvd2Vyei9uZXh0LmNvbmZpZy50cyIsImNvbmZpZ0ZpbGVOYW1lIjoibmV4dC5jb25maWcudHMiLCJ0dXJib3BhY2siOnsicnVsZXMiOnsiKi57anN4LHRzeH0iOnsibG9hZGVycyI6WyIvVXNlcnMvREpGTE9XRVJaL0Rlc2t0b3AvZGotZmxvd2Vyei9ub2RlX21vZHVsZXMvb3JjaGlkcy12aXN1YWwtZWRpdHMvc3JjL2NvbXBvbmVudC10YWdnZXItbG9hZGVyLmpzIl19fSwicm9vdCI6Ii9Vc2Vycy9ESkZMT1dFUlovRGVza3RvcC9kai1mbG93ZXJ6In19&preferredRegion=&middlewareConfig=e30%3D&cacheHandlers=%7B%7D!

./node_modules/@google-cloud/firestore/build/src/reference/query-util.js:19:1
Module not found: Can't resolve 'stream'
  17 | Object.defineProperty(exports, "__esModule", { value: true });
  18 | exports.QueryUtil = void 0;
> 19 | const stream_1 = require("stream");
     | ^
  20 | const timestamp_1 = require("../timestamp");
  21 | const document_1 = require("../document");
  22 | const util_1 = require("../util");

https://nextjs.org/docs/messages/module-not-found

Import trace for requested module:
./node_modules/@google-cloud/firestore/build/src/reference/query.js
./node_modules/@google-cloud/firestore/build/src/index.js
./node_modules/firebase-admin/lib/firestore/index.js
./node_modules/firebase-admin/lib/esm/firestore/index.js
./src/lib/firebase-admin.ts
./src/app/api/download/route.ts
./node_modules/next/dist/build/webpack/loaders/next-edge-app-route-loader/index.js?absolutePagePath=private-next-app-dir%2Fapi%2Fdownload%2Froute.ts&page=%2Fapi%2Fdownload%2Froute&appDirLoader=bmV4dC1hcHAtbG9hZGVyP25hbWU9YXBwJTJGYXBpJTJGZG93bmxvYWQlMkZyb3V0ZSZwYWdlPSUyRmFwaSUyRmRvd25sb2FkJTJGcm91dGUmcGFnZVBhdGg9cHJpdmF0ZS1uZXh0LWFwcC1kaXIlMkZhcGklMkZkb3dubG9hZCUyRnJvdXRlLnRzJmFwcERpcj0lMkZVc2VycyUyRkRKRkxPV0VSWiUyRkRlc2t0b3AlMkZkai1mbG93ZXJ6JTJGc3JjJTJGYXBwJmFwcFBhdGhzPSUyRmFwaSUyRmRvd25sb2FkJTJGcm91dGUmcGFnZUV4dGVuc2lvbnM9dHN4JnBhZ2VFeHRlbnNpb25zPXRzJnBhZ2VFeHRlbnNpb25zPWpzeCZwYWdlRXh0ZW5zaW9ucz1qcyZiYXNlUGF0aD0mYXNzZXRQcmVmaXg9Jm5leHRDb25maWdPdXRwdXQ9JnByZWZlcnJlZFJlZ2lvbj0mbWlkZGxld2FyZUNvbmZpZz1lMzAlM0QmaXNHbG9iYWxOb3RGb3VuZEVuYWJsZWQ9IQ%3D%3D&nextConfig=eyJlbnYiOnt9LCJ3ZWJwYWNrIjpudWxsLCJlc2xpbnQiOnsiaWdub3JlRHVyaW5nQnVpbGRzIjp0cnVlfSwidHlwZXNjcmlwdCI6eyJpZ25vcmVCdWlsZEVycm9ycyI6dHJ1ZSwidHNjb25maWdQYXRoIjoidHNjb25maWcuanNvbiJ9LCJkaXN0RGlyIjoiLm5leHQiLCJjbGVhbkRpc3REaXIiOnRydWUsImFzc2V0UHJlZml4IjoiIiwiY2FjaGVNYXhNZW1vcnlTaXplIjo1MjQyODgwMCwiY29uZmlnT3JpZ2luIjoibmV4dC5jb25maWcudHMiLCJ1c2VGaWxlU3lzdGVtUHVibGljUm91dGVzIjp0cnVlLCJnZW5lcmF0ZUV0YWdzIjp0cnVlLCJwYWdlRXh0ZW5zaW9ucyI6WyJ0c3giLCJ0cyIsImpzeCIsImpzIl0sInBvd2VyZWRCeUhlYWRlciI6dHJ1ZSwiY29tcHJlc3MiOnRydWUsImltYWdlcyI6eyJkZXZpY2VTaXplcyI6WzY0MCw3NTAsODI4LDEwODAsMTIwMCwxOTIwLDIwNDgsMzg0MF0sImltYWdlU2l6ZXMiOlsxNiwzMiw0OCw2NCw5NiwxMjgsMjU2LDM4NF0sInBhdGgiOiIvX25leHQvaW1hZ2UiLCJsb2FkZXIiOiJkZWZhdWx0IiwibG9hZGVyRmlsZSI6IiIsImRvbWFpbnMiOltdLCJkaXNhYmxlU3RhdGljSW1hZ2VzIjpmYWxzZSwibWluaW11bUNhY2hlVFRMIjo2MCwiZm9ybWF0cyI6WyJpbWFnZS93ZWJwIl0sImRhbmdlcm91c2x5QWxsb3dTVkciOmZhbHNlLCJjb250ZW50U2VjdXJpdHlQb2xpY3kiOiJzY3JpcHQtc3JjICdub25lJzsgZnJhbWUtc3JjICdub25lJzsgc2FuZGJveDsiLCJjb250ZW50RGlzcG9zaXRpb25UeXBlIjoiYXR0YWNobWVudCIsInJlbW90ZVBhdHRlcm5zIjpbeyJwcm90b2NvbCI6Imh0dHBzIiwiaG9zdG5hbWUiOiIqKiJ9LHsicHJvdG9jb2wiOiJodHRwIiwiaG9zdG5hbWUiOiIqKiJ9XSwidW5vcHRpbWl6ZWQiOnRydWV9LCJkZXZJbmRpY2F0b3JzIjp7InBvc2l0aW9uIjoiYm90dG9tLWxlZnQifSwib25EZW1hbmRFbnRyaWVzIjp7Im1heEluYWN0aXZlQWdlIjo2MDAwMCwicGFnZXNCdWZmZXJMZW5ndGgiOjV9LCJhbXAiOnsiY2Fub25pY2FsQmFzZSI6IiJ9LCJiYXNlUGF0aCI6IiIsInNhc3NPcHRpb25zIjp7fSwidHJhaWxpbmdTbGFzaCI6ZmFsc2UsImkxOG4iOm51bGwsInByb2R1Y3Rpb25Ccm93c2VyU291cmNlTWFwcyI6ZmFsc2UsImV4Y2x1ZGVEZWZhdWx0TW9tZW50TG9jYWxlcyI6dHJ1ZSwic2VydmVyUnVudGltZUNvbmZpZyI6e30sInB1YmxpY1J1bnRpbWVDb25maWciOnt9LCJyZWFjdFByb2R1Y3Rpb25Qcm9maWxpbmciOmZhbHNlLCJyZWFjdFN0cmljdE1vZGUiOm51bGwsInJlYWN0TWF4SGVhZGVyc0xlbmd0aCI6NjAwMCwiaHR0cEFnZW50T3B0aW9ucyI6eyJrZWVwQWxpdmUiOnRydWV9LCJsb2dnaW5nIjp7fSwiY29tcGlsZXIiOnt9LCJleHBpcmVUaW1lIjozMTUzNjAwMCwic3RhdGljUGFnZUdlbmVyYXRpb25UaW1lb3V0Ijo2MCwibW9kdWxhcml6ZUltcG9ydHMiOnsiQG11aS9pY29ucy1tYXRlcmlhbCI6eyJ0cmFuc2Zvcm0iOiJAbXVpL2ljb25zLW1hdGVyaWFsL3t7bWVtYmVyfX0ifSwibG9kYXNoIjp7InRyYW5zZm9ybSI6ImxvZGFzaC97e21lbWJlcn19In19LCJvdXRwdXRGaWxlVHJhY2luZ1Jvb3QiOiIvVXNlcnMvREpGTE9XRVJaL0Rlc2t0b3AvZGotZmxvd2VyeiIsImV4cGVyaW1lbnRhbCI6eyJ1c2VTa2V3Q29va2llIjpmYWxzZSwibm9kZU1pZGRsZXdhcmUiOmZhbHNlLCJjYWNoZUxpZmUiOnsiZGVmYXVsdCI6eyJzdGFsZSI6MzAwLCJyZXZhbGlkYXRlIjo5MDAsImV4cGlyZSI6NDI5NDk2NzI5NH0sInNlY29uZHMiOnsic3RhbGUiOjAsInJldmFsaWRhdGUiOjEsImV4cGlyZSI6NjB9LCJtaW51dGVzIjp7InN0YWxlIjozMDAsInJldmFsaWRhdGUiOjYwLCJleHBpcmUiOjM2MDB9LCJob3VycyI6eyJzdGFsZSI6MzAwLCJyZXZhbGlkYXRlIjozNjAwLCJleHBpcmUiOjg2NDAwfSwiZGF5cyI6eyJzdGFsZSI6MzAwLCJyZXZhbGlkYXRlIjo4NjQwMCwiZXhwaXJlIjo2MDQ4MDB9LCJ3ZWVrcyI6eyJzdGFsZSI6MzAwLCJyZXZhbGlkYXRlIjo2MDQ4MDAsImV4cGlyZSI6MjU5MjAwMH0sIm1heCI6eyJzdGFsZSI6MzAwLCJyZXZhbGlkYXRlIjoyNTkyMDAwLCJleHBpcmUiOjQyOTQ5NjcyOTR9fSwiY2FjaGVIYW5kbGVycyI6e30sImNzc0NodW5raW5nIjp0cnVlLCJtdWx0aVpvbmVEcmFmdE1vZGUiOmZhbHNlLCJhcHBOYXZGYWlsSGFuZGxpbmciOmZhbHNlLCJwcmVyZW5kZXJFYXJseUV4aXQiOnRydWUsInNlcnZlck1pbmlmaWNhdGlvbiI6dHJ1ZSwiZW5hYmxlUHJlcmVuZGVyU291cmNlTWFwcyI6ZmFsc2UsInNlcnZlclNvdXJjZU1hcHMiOmZhbHNlLCJsaW5rTm9Ub3VjaFN0YXJ0IjpmYWxzZSwiY2FzZVNlbnNpdGl2ZVJvdXRlcyI6ZmFsc2UsImNsaWVudFNlZ21lbnRDYWNoZSI6ZmFsc2UsImR5bmFtaWNPbkhvdmVyIjpmYWxzZSwicHJlbG9hZEVudHJpZXNPblN0YXJ0Ijp0cnVlLCJjbGllbnRSb3V0ZXJGaWx0ZXIiOnRydWUsImNsaWVudFJvdXRlckZpbHRlclJlZGlyZWN0cyI6ZmFsc2UsImZldGNoQ2FjaGVLZXlQcmVmaXgiOiIiLCJtaWRkbGV3YXJlUHJlZmV0Y2giOiJmbGV4aWJsZSIsIm9wdGltaXN0aWNDbGllbnRDYWNoZSI6dHJ1ZSwibWFudWFsQ2xpZW50QmFzZVBhdGgiOmZhbHNlLCJjcHVzIjo3LCJtZW1vcnlCYXNlZFdvcmtlcnNDb3VudCI6ZmFsc2UsImltZ09wdENvbmN1cnJlbmN5IjpudWxsLCJpbWdPcHRUaW1lb3V0SW5TZWNvbmRzIjo3LCJpbWdPcHRNYXhJbnB1dFBpeGVscyI6MjY4NDAyNjg5LCJpbWdPcHRTZXF1ZW50aWFsUmVhZCI6bnVsbCwiaXNyRmx1c2hUb0Rpc2siOnRydWUsIndvcmtlclRocmVhZHMiOmZhbHNlLCJvcHRpbWl6ZUNzcyI6ZmFsc2UsIm5leHRTY3JpcHRXb3JrZXJzIjpmYWxzZSwic2Nyb2xsUmVzdG9yYXRpb24iOmZhbHNlLCJleHRlcm5hbERpciI6ZmFsc2UsImRpc2FibGVPcHRpbWl6ZWRMb2FkaW5nIjpmYWxzZSwiZ3ppcFNpemUiOnRydWUsImNyYUNvbXBhdCI6ZmFsc2UsImVzbUV4dGVybmFscyI6dHJ1ZSwiZnVsbHlTcGVjaWZpZWQiOmZhbHNlLCJzd2NUcmFjZVByb2ZpbGluZyI6ZmFsc2UsImZvcmNlU3djVHJhbnNmb3JtcyI6ZmFsc2UsImxhcmdlUGFnZURhdGFCeXRlcyI6MTI4MDAwLCJ0eXBlZFJvdXRlcyI6ZmFsc2UsInR5cGVkRW52IjpmYWxzZSwicGFyYWxsZWxTZXJ2ZXJDb21waWxlcyI6ZmFsc2UsInBhcmFsbGVsU2VydmVyQnVpbGRUcmFjZXMiOmZhbHNlLCJwcHIiOmZhbHNlLCJhdXRoSW50ZXJydXB0cyI6ZmFsc2UsIndlYnBhY2tNZW1vcnlPcHRpbWl6YXRpb25zIjpmYWxzZSwib3B0aW1pemVTZXJ2ZXJSZWFjdCI6dHJ1ZSwidXNlRWFybHlJbXBvcnQiOmZhbHNlLCJ2aWV3VHJhbnNpdGlvbiI6ZmFsc2UsInJvdXRlckJGQ2FjaGUiOmZhbHNlLCJyZW1vdmVVbmNhdWdodEVycm9yQW5kUmVqZWN0aW9uTGlzdGVuZXJzIjpmYWxzZSwic3RhbGVUaW1lcyI6eyJkeW5hbWljIjowLCJzdGF0aWMiOjMwMH0sInNlcnZlckNvbXBvbmVudHNIbXJDYWNoZSI6dHJ1ZSwic3RhdGljR2VuZXJhdGlvbk1heENvbmN1cnJlbmN5Ijo4LCJzdGF0aWNHZW5lcmF0aW9uTWluUGFnZXNQZXJXb3JrZXIiOjI1LCJkeW5hbWljSU8iOmZhbHNlLCJpbmxpbmVDc3MiOmZhbHNlLCJ1c2VDYWNoZSI6ZmFsc2UsImdsb2JhbE5vdEZvdW5kIjpmYWxzZSwiZGV2dG9vbFNlZ21lbnRFeHBsb3JlciI6ZmFsc2UsIm9wdGltaXplUGFja2FnZUltcG9ydHMiOlsibHVjaWRlLXJlYWN0IiwiZGF0ZS1mbnMiLCJsb2Rhc2gtZXMiLCJyYW1kYSIsImFudGQiLCJyZWFjdC1ib290c3RyYXAiLCJhaG9va3MiLCJAYW50LWRlc2lnbi9pY29ucyIsIkBoZWFkbGVzc3VpL3JlYWN0IiwiQGhlYWRsZXNzdWktZmxvYXQvcmVhY3QiLCJAaGVyb2ljb25zL3JlYWN0LzIwL3NvbGlkIiwiQGhlcm9pY29ucy9yZWFjdC8yNC9zb2xpZCIsIkBoZXJvaWNvbnMvcmVhY3QvMjQvb3V0bGluZSIsIkB2aXN4L3Zpc3giLCJAdHJlbW9yL3JlYWN0IiwicnhqcyIsIkBtdWkvbWF0ZXJpYWwiLCJAbXVpL2ljb25zLW1hdGVyaWFsIiwicmVjaGFydHMiLCJyZWFjdC11c2UiLCJlZmZlY3QiLCJAZWZmZWN0L3NjaGVtYSIsIkBlZmZlY3QvcGxhdGZvcm0iLCJAZWZmZWN0L3BsYXRmb3JtLW5vZGUiLCJAZWZmZWN0L3BsYXRmb3JtLWJyb3dzZXIiLCJAZWZmZWN0L3BsYXRmb3JtLWJ1biIsIkBlZmZlY3Qvc3FsIiwiQGVmZmVjdC9zcWwtbXNzcWwiLCJAZWZmZWN0L3NxbC1teXNxbDIiLCJAZWZmZWN0L3NxbC1wZyIsIkBlZmZlY3Qvc3FsLXNxdWxpdGUtbm9kZSIsIkBlZmZlY3Qvc3FsLXNxdWxpdGUtYnVuIiwiQGVmZmVjdC9zcWwtc3F1bGl0ZS13YXNtIiwiQGVmZmVjdC9zcWwtc3F1bGl0ZS1yZWFjdC1uYXRpdmUiLCJAZWZmZWN0L3JwYyIsIkBlZmZlY3QvcnBjLWh0dHAiLCJAZWZmZWN0L3R5cGVjbGFzcyIsIkBlZmZlY3QvZXhwZXJpbWVudGFsIiwiQGVmZmVjdC9vcGVudGVsZW1ldHJ5IiwiQG1hdGVyaWFsLXVpL2NvcmUiLCJAbWF0ZXJpYWwtdWkvaWNvbnMiLCJAdGFibGVyL2ljb25zLXJlYWN0IiwibXVpLWNvcmUiLCJyZWFjdC1pY29ucy9haSIsInJlYWN0LWljb25zL2JpIiwicmVhY3QtaWNvbnMvYnMiLCJyZWFjdC1pY29ucy9jZyIsInJlYWN0LWljb25zL2NpIiwicmVhY3QtaWNvbnMvZGkiLCJyZWFjdC1pY29ucy9mYSIsInJlYWN0LWljb25zL2ZhNiIsInJlYWN0LWljb25zL2ZjIiwicmVhY3QtaWNvbnMvZmkiLCJyZWFjdC1pY29ucy9naSIsInJlYWN0LWljb25zL2dvIiwicmVhY3QtaWNvbnMvZ3IiLCJyZWFjdC1pY29ucy9oaSIsInJlYWN0LWljb25zL2hpMiIsInJlYWN0LWljb25zL2ltIiwicmVhY3QtaWNvbnMvaW8iLCJyZWFjdC1pY29ucy9pbzUiLCJyZWFjdC1pY29ucy9saWEiLCJyZWFjdC1pY29ucy9saWIiLCJyZWFjdC1pY29ucy9sdSIsInJlYWN0LWljb25zL21kIiwicmVhY3QtaWNvbnMvcGkiLCJyZWFjdC1pY29ucy9yaSIsInJlYWN0LWljb25zL3J4IiwicmVhY3QtaWNvbnMvc2kiLCJyZWFjdC1pY29ucy9zbCIsInJlYWN0LWljb25zL3RiIiwicmVhY3QtaWNvbnMvdGZpIiwicmVhY3QtaWNvbnMvdGkiLCJyZWFjdC1pY29ucy92c2MiLCJyZWFjdC1pY29ucy93aSJdfSwiaHRtbExpbWl0ZWRCb3RzIjoiTWVkaWFwYXJ0bmVycy1Hb29nbGV8U2x1cnB8RHVja0R1Y2tCb3R8YmFpZHVzcGlkZXJ8eWFuZGV4fHNvZ291fGJpdGx5Ym90fHR1bWJscnx2a1NoYXJlfHF1b3JhIGxpbmsgcHJldmlld3xyZWRkaXRib3R8aWFfYXJjaGl2ZXJ8QmluZ2JvdHxCaW5nUHJldmlld3xhcHBsZWJvdHxmYWNlYm9va2V4dGVybmFsaGl0fGZhY2Vib29rY2F0YWxvZ3xUd2l0dGVyYm90fExpbmtlZEluQm90fFNsYWNrYm90fERpc2NvcmRib3R8V2hhdHNBcHB8U2t5cGVVcmlQcmV2aWV3fFlldGkiLCJidW5kbGVQYWdlc1JvdXRlckRlcGVuZGVuY2llcyI6ZmFsc2UsImNvbmZpZ0ZpbGUiOiIvVXNlcnMvREpGTE9XRVJaL0Rlc2t0b3AvZGotZmxvd2Vyei9uZXh0LmNvbmZpZy50cyIsImNvbmZpZ0ZpbGVOYW1lIjoibmV4dC5jb25maWcudHMiLCJ0dXJib3BhY2siOnsicnVsZXMiOnsiKi57anN4LHRzeH0iOnsibG9hZGVycyI6WyIvVXNlcnMvREpGTE9XRVJaL0Rlc2t0b3AvZGotZmxvd2Vyei9ub2RlX21vZHVsZXMvb3JjaGlkcy12aXN1YWwtZWRpdHMvc3JjL2NvbXBvbmVudC10YWdnZXItbG9hZGVyLmpzIl19fSwicm9vdCI6Ii9Vc2Vycy9ESkZMT1dFUlovRGVza3RvcC9kai1mbG93ZXJ6In19&preferredRegion=&middlewareConfig=e30%3D&cacheHandlers=%7B%7D!

./node_modules/@google-cloud/firestore/build/src/reference/query.js:19:1
Module not found: Can't resolve 'stream'
  17 | Object.defineProperty(exports, "__esModule", { value: true });
  18 | exports.Query = void 0;
> 19 | const stream_1 = require("stream");
     | ^
  20 | const query_util_1 = require("./query-util");
  21 | const index_1 = require("../index");
  22 | const field_order_1 = require("./field-order");

https://nextjs.org/docs/messages/module-not-found

Import trace for requested module:
./node_modules/@google-cloud/firestore/build/src/index.js
./node_modules/firebase-admin/lib/firestore/index.js
./node_modules/firebase-admin/lib/esm/firestore/index.js
./src/lib/firebase-admin.ts
./src/app/api/download/route.ts
./node_modules/next/dist/build/webpack/loaders/next-edge-app-route-loader/index.js?absolutePagePath=private-next-app-dir%2Fapi%2Fdownload%2Froute.ts&page=%2Fapi%2Fdownload%2Froute&appDirLoader=bmV4dC1hcHAtbG9hZGVyP25hbWU9YXBwJTJGYXBpJTJGZG93bmxvYWQlMkZyb3V0ZSZwYWdlPSUyRmFwaSUyRmRvd25sb2FkJTJGcm91dGUmcGFnZVBhdGg9cHJpdmF0ZS1uZXh0LWFwcC1kaXIlMkZhcGklMkZkb3dubG9hZCUyRnJvdXRlLnRzJmFwcERpcj0lMkZVc2VycyUyRkRKRkxPV0VSWiUyRkRlc2t0b3AlMkZkai1mbG93ZXJ6JTJGc3JjJTJGYXBwJmFwcFBhdGhzPSUyRmFwaSUyRmRvd25sb2FkJTJGcm91dGUmcGFnZUV4dGVuc2lvbnM9dHN4JnBhZ2VFeHRlbnNpb25zPXRzJnBhZ2VFeHRlbnNpb25zPWpzeCZwYWdlRXh0ZW5zaW9ucz1qcyZiYXNlUGF0aD0mYXNzZXRQcmVmaXg9Jm5leHRDb25maWdPdXRwdXQ9JnByZWZlcnJlZFJlZ2lvbj0mbWlkZGxld2FyZUNvbmZpZz1lMzAlM0QmaXNHbG9iYWxOb3RGb3VuZEVuYWJsZWQ9IQ%3D%3D&nextConfig=eyJlbnYiOnt9LCJ3ZWJwYWNrIjpudWxsLCJlc2xpbnQiOnsiaWdub3JlRHVyaW5nQnVpbGRzIjp0cnVlfSwidHlwZXNjcmlwdCI6eyJpZ25vcmVCdWlsZEVycm9ycyI6dHJ1ZSwidHNjb25maWdQYXRoIjoidHNjb25maWcuanNvbiJ9LCJkaXN0RGlyIjoiLm5leHQiLCJjbGVhbkRpc3REaXIiOnRydWUsImFzc2V0UHJlZml4IjoiIiwiY2FjaGVNYXhNZW1vcnlTaXplIjo1MjQyODgwMCwiY29uZmlnT3JpZ2luIjoibmV4dC5jb25maWcudHMiLCJ1c2VGaWxlU3lzdGVtUHVibGljUm91dGVzIjp0cnVlLCJnZW5lcmF0ZUV0YWdzIjp0cnVlLCJwYWdlRXh0ZW5zaW9ucyI6WyJ0c3giLCJ0cyIsImpzeCIsImpzIl0sInBvd2VyZWRCeUhlYWRlciI6dHJ1ZSwiY29tcHJlc3MiOnRydWUsImltYWdlcyI6eyJkZXZpY2VTaXplcyI6WzY0MCw3NTAsODI4LDEwODAsMTIwMCwxOTIwLDIwNDgsMzg0MF0sImltYWdlU2l6ZXMiOlsxNiwzMiw0OCw2NCw5NiwxMjgsMjU2LDM4NF0sInBhdGgiOiIvX25leHQvaW1hZ2UiLCJsb2FkZXIiOiJkZWZhdWx0IiwibG9hZGVyRmlsZSI6IiIsImRvbWFpbnMiOltdLCJkaXNhYmxlU3RhdGljSW1hZ2VzIjpmYWxzZSwibWluaW11bUNhY2hlVFRMIjo2MCwiZm9ybWF0cyI6WyJpbWFnZS93ZWJwIl0sImRhbmdlcm91c2x5QWxsb3dTVkciOmZhbHNlLCJjb250ZW50U2VjdXJpdHlQb2xpY3kiOiJzY3JpcHQtc3JjICdub25lJzsgZnJhbWUtc3JjICdub25lJzsgc2FuZGJveDsiLCJjb250ZW50RGlzcG9zaXRpb25UeXBlIjoiYXR0YWNobWVudCIsInJlbW90ZVBhdHRlcm5zIjpbeyJwcm90b2NvbCI6Imh0dHBzIiwiaG9zdG5hbWUiOiIqKiJ9LHsicHJvdG9jb2wiOiJodHRwIiwiaG9zdG5hbWUiOiIqKiJ9XSwidW5vcHRpbWl6ZWQiOnRydWV9LCJkZXZJbmRpY2F0b3JzIjp7InBvc2l0aW9uIjoiYm90dG9tLWxlZnQifSwib25EZW1hbmRFbnRyaWVzIjp7Im1heEluYWN0aXZlQWdlIjo2MDAwMCwicGFnZXNCdWZmZXJMZW5ndGgiOjV9LCJhbXAiOnsiY2Fub25pY2FsQmFzZSI6IiJ9LCJiYXNlUGF0aCI6IiIsInNhc3NPcHRpb25zIjp7fSwidHJhaWxpbmdTbGFzaCI6ZmFsc2UsImkxOG4iOm51bGwsInByb2R1Y3Rpb25Ccm93c2VyU291cmNlTWFwcyI6ZmFsc2UsImV4Y2x1ZGVEZWZhdWx0TW9tZW50TG9jYWxlcyI6dHJ1ZSwic2VydmVyUnVudGltZUNvbmZpZyI6e30sInB1YmxpY1J1bnRpbWVDb25maWciOnt9LCJyZWFjdFByb2R1Y3Rpb25Qcm9maWxpbmciOmZhbHNlLCJyZWFjdFN0cmljdE1vZGUiOm51bGwsInJlYWN0TWF4SGVhZGVyc0xlbmd0aCI6NjAwMCwiaHR0cEFnZW50T3B0aW9ucyI6eyJrZWVwQWxpdmUiOnRydWV9LCJsb2dnaW5nIjp7fSwiY29tcGlsZXIiOnt9LCJleHBpcmVUaW1lIjozMTUzNjAwMCwic3RhdGljUGFnZUdlbmVyYXRpb25UaW1lb3V0Ijo2MCwibW9kdWxhcml6ZUltcG9ydHMiOnsiQG11aS9pY29ucy1tYXRlcmlhbCI6eyJ0cmFuc2Zvcm0iOiJAbXVpL2ljb25zLW1hdGVyaWFsL3t7bWVtYmVyfX0ifSwibG9kYXNoIjp7InRyYW5zZm9ybSI6ImxvZGFzaC97e21lbWJlcn19In19LCJvdXRwdXRGaWxlVHJhY2luZ1Jvb3QiOiIvVXNlcnMvREpGTE9XRVJaL0Rlc2t0b3AvZGotZmxvd2VyeiIsImV4cGVyaW1lbnRhbCI6eyJ1c2VTa2V3Q29va2llIjpmYWxzZSwibm9kZU1pZGRsZXdhcmUiOmZhbHNlLCJjYWNoZUxpZmUiOnsiZGVmYXVsdCI6eyJzdGFsZSI6MzAwLCJyZXZhbGlkYXRlIjo5MDAsImV4cGlyZSI6NDI5NDk2NzI5NH0sInNlY29uZHMiOnsic3RhbGUiOjAsInJldmFsaWRhdGUiOjEsImV4cGlyZSI6NjB9LCJtaW51dGVzIjp7InN0YWxlIjozMDAsInJldmFsaWRhdGUiOjYwLCJleHBpcmUiOjM2MDB9LCJob3VycyI6eyJzdGFsZSI6MzAwLCJyZXZhbGlkYXRlIjozNjAwLCJleHBpcmUiOjg2NDAwfSwiZGF5cyI6eyJzdGFsZSI6MzAwLCJyZXZhbGlkYXRlIjo4NjQwMCwiZXhwaXJlIjo2MDQ4MDB9LCJ3ZWVrcyI6eyJzdGFsZSI6MzAwLCJyZXZhbGlkYXRlIjo2MDQ4MDAsImV4cGlyZSI6MjU5MjAwMH0sIm1heCI6eyJzdGFsZSI6MzAwLCJyZXZhbGlkYXRlIjoyNTkyMDAwLCJleHBpcmUiOjQyOTQ5NjcyOTR9fSwiY2FjaGVIYW5kbGVycyI6e30sImNzc0NodW5raW5nIjp0cnVlLCJtdWx0aVpvbmVEcmFmdE1vZGUiOmZhbHNlLCJhcHBOYXZGYWlsSGFuZGxpbmciOmZhbHNlLCJwcmVyZW5kZXJFYXJseUV4aXQiOnRydWUsInNlcnZlck1pbmlmaWNhdGlvbiI6dHJ1ZSwiZW5hYmxlUHJlcmVuZGVyU291cmNlTWFwcyI6ZmFsc2UsInNlcnZlclNvdXJjZU1hcHMiOmZhbHNlLCJsaW5rTm9Ub3VjaFN0YXJ0IjpmYWxzZSwiY2FzZVNlbnNpdGl2ZVJvdXRlcyI6ZmFsc2UsImNsaWVudFNlZ21lbnRDYWNoZSI6ZmFsc2UsImR5bmFtaWNPbkhvdmVyIjpmYWxzZSwicHJlbG9hZEVudHJpZXNPblN0YXJ0Ijp0cnVlLCJjbGllbnRSb3V0ZXJGaWx0ZXIiOnRydWUsImNsaWVudFJvdXRlckZpbHRlclJlZGlyZWN0cyI6ZmFsc2UsImZldGNoQ2FjaGVLZXlQcmVmaXgiOiIiLCJtaWRkbGV3YXJlUHJlZmV0Y2giOiJmbGV4aWJsZSIsIm9wdGltaXN0aWNDbGllbnRDYWNoZSI6dHJ1ZSwibWFudWFsQ2xpZW50QmFzZVBhdGgiOmZhbHNlLCJjcHVzIjo3LCJtZW1vcnlCYXNlZFdvcmtlcnNDb3VudCI6ZmFsc2UsImltZ09wdENvbmN1cnJlbmN5IjpudWxsLCJpbWdPcHRUaW1lb3V0SW5TZWNvbmRzIjo3LCJpbWdPcHRNYXhJbnB1dFBpeGVscyI6MjY4NDAyNjg5LCJpbWdPcHRTZXF1ZW50aWFsUmVhZCI6bnVsbCwiaXNyRmx1c2hUb0Rpc2siOnRydWUsIndvcmtlclRocmVhZHMiOmZhbHNlLCJvcHRpbWl6ZUNzcyI6ZmFsc2UsIm5leHRTY3JpcHRXb3JrZXJzIjpmYWxzZSwic2Nyb2xsUmVzdG9yYXRpb24iOmZhbHNlLCJleHRlcm5hbERpciI6ZmFsc2UsImRpc2FibGVPcHRpbWl6ZWRMb2FkaW5nIjpmYWxzZSwiZ3ppcFNpemUiOnRydWUsImNyYUNvbXBhdCI6ZmFsc2UsImVzbUV4dGVybmFscyI6dHJ1ZSwiZnVsbHlTcGVjaWZpZWQiOmZhbHNlLCJzd2NUcmFjZVByb2ZpbGluZyI6ZmFsc2UsImZvcmNlU3djVHJhbnNmb3JtcyI6ZmFsc2UsImxhcmdlUGFnZURhdGFCeXRlcyI6MTI4MDAwLCJ0eXBlZFJvdXRlcyI6ZmFsc2UsInR5cGVkRW52IjpmYWxzZSwicGFyYWxsZWxTZXJ2ZXJDb21waWxlcyI6ZmFsc2UsInBhcmFsbGVsU2VydmVyQnVpbGRUcmFjZXMiOmZhbHNlLCJwcHIiOmZhbHNlLCJhdXRoSW50ZXJydXB0cyI6ZmFsc2UsIndlYnBhY2tNZW1vcnlPcHRpbWl6YXRpb25zIjpmYWxzZSwib3B0aW1pemVTZXJ2ZXJSZWFjdCI6dHJ1ZSwidXNlRWFybHlJbXBvcnQiOmZhbHNlLCJ2aWV3VHJhbnNpdGlvbiI6ZmFsc2UsInJvdXRlckJGQ2FjaGUiOmZhbHNlLCJyZW1vdmVVbmNhdWdodEVycm9yQW5kUmVqZWN0aW9uTGlzdGVuZXJzIjpmYWxzZSwic3RhbGVUaW1lcyI6eyJkeW5hbWljIjowLCJzdGF0aWMiOjMwMH0sInNlcnZlckNvbXBvbmVudHNIbXJDYWNoZSI6dHJ1ZSwic3RhdGljR2VuZXJhdGlvbk1heENvbmN1cnJlbmN5Ijo4LCJzdGF0aWNHZW5lcmF0aW9uTWluUGFnZXNQZXJXb3JrZXIiOjI1LCJkeW5hbWljSU8iOmZhbHNlLCJpbmxpbmVDc3MiOmZhbHNlLCJ1c2VDYWNoZSI6ZmFsc2UsImdsb2JhbE5vdEZvdW5kIjpmYWxzZSwiZGV2dG9vbFNlZ21lbnRFeHBsb3JlciI6ZmFsc2UsIm9wdGltaXplUGFja2FnZUltcG9ydHMiOlsibHVjaWRlLXJlYWN0IiwiZGF0ZS1mbnMiLCJsb2Rhc2gtZXMiLCJyYW1kYSIsImFudGQiLCJyZWFjdC1ib290c3RyYXAiLCJhaG9va3MiLCJAYW50LWRlc2lnbi9pY29ucyIsIkBoZWFkbGVzc3VpL3JlYWN0IiwiQGhlYWRsZXNzdWktZmxvYXQvcmVhY3QiLCJAaGVyb2ljb25zL3JlYWN0LzIwL3NvbGlkIiwiQGhlcm9pY29ucy9yZWFjdC8yNC9zb2xpZCIsIkBoZXJvaWNvbnMvcmVhY3QvMjQvb3V0bGluZSIsIkB2aXN4L3Zpc3giLCJAdHJlbW9yL3JlYWN0IiwicnhqcyIsIkBtdWkvbWF0ZXJpYWwiLCJAbXVpL2ljb25zLW1hdGVyaWFsIiwicmVjaGFydHMiLCJyZWFjdC11c2UiLCJlZmZlY3QiLCJAZWZmZWN0L3NjaGVtYSIsIkBlZmZlY3QvcGxhdGZvcm0iLCJAZWZmZWN0L3BsYXRmb3JtLW5vZGUiLCJAZWZmZWN0L3BsYXRmb3JtLWJyb3dzZXIiLCJAZWZmZWN0L3BsYXRmb3JtLWJ1biIsIkBlZmZlY3Qvc3FsIiwiQGVmZmVjdC9zcWwtbXNzcWwiLCJAZWZmZWN0L3NxbC1teXNxbDIiLCJAZWZmZWN0L3NxbC1wZyIsIkBlZmZlY3Qvc3FsLXNxdWxpdGUtbm9kZSIsIkBlZmZlY3Qvc3FsLXNxdWxpdGUtYnVuIiwiQGVmZmVjdC9zcWwtc3F1bGl0ZS13YXNtIiwiQGVmZmVjdC9zcWwtc3F1bGl0ZS1yZWFjdC1uYXRpdmUiLCJAZWZmZWN0L3JwYyIsIkBlZmZlY3QvcnBjLWh0dHAiLCJAZWZmZWN0L3R5cGVjbGFzcyIsIkBlZmZlY3QvZXhwZXJpbWVudGFsIiwiQGVmZmVjdC9vcGVudGVsZW1ldHJ5IiwiQG1hdGVyaWFsLXVpL2NvcmUiLCJAbWF0ZXJpYWwtdWkvaWNvbnMiLCJAdGFibGVyL2ljb25zLXJlYWN0IiwibXVpLWNvcmUiLCJyZWFjdC1pY29ucy9haSIsInJlYWN0LWljb25zL2JpIiwicmVhY3QtaWNvbnMvYnMiLCJyZWFjdC1pY29ucy9jZyIsInJlYWN0LWljb25zL2NpIiwicmVhY3QtaWNvbnMvZGkiLCJyZWFjdC1pY29ucy9mYSIsInJlYWN0LWljb25zL2ZhNiIsInJlYWN0LWljb25zL2ZjIiwicmVhY3QtaWNvbnMvZmkiLCJyZWFjdC1pY29ucy9naSIsInJlYWN0LWljb25zL2dvIiwicmVhY3QtaWNvbnMvZ3IiLCJyZWFjdC1pY29ucy9oaSIsInJlYWN0LWljb25zL2hpMiIsInJlYWN0LWljb25zL2ltIiwicmVhY3QtaWNvbnMvaW8iLCJyZWFjdC1pY29ucy9pbzUiLCJyZWFjdC1pY29ucy9saWEiLCJyZWFjdC1pY29ucy9saWIiLCJyZWFjdC1pY29ucy9sdSIsInJlYWN0LWljb25zL21kIiwicmVhY3QtaWNvbnMvcGkiLCJyZWFjdC1pY29ucy9yaSIsInJlYWN0LWljb25zL3J4IiwicmVhY3QtaWNvbnMvc2kiLCJyZWFjdC1pY29ucy9zbCIsInJlYWN0LWljb25zL3RiIiwicmVhY3QtaWNvbnMvdGZpIiwicmVhY3QtaWNvbnMvdGkiLCJyZWFjdC1pY29ucy92c2MiLCJyZWFjdC1pY29ucy93aSJdfSwiaHRtbExpbWl0ZWRCb3RzIjoiTWVkaWFwYXJ0bmVycy1Hb29nbGV8U2x1cnB8RHVja0R1Y2tCb3R8YmFpZHVzcGlkZXJ8eWFuZGV4fHNvZ291fGJpdGx5Ym90fHR1bWJscnx2a1NoYXJlfHF1b3JhIGxpbmsgcHJldmlld3xyZWRkaXRib3R8aWFfYXJjaGl2ZXJ8QmluZ2JvdHxCaW5nUHJldmlld3xhcHBsZWJvdHxmYWNlYm9va2V4dGVybmFsaGl0fGZhY2Vib29rY2F0YWxvZ3xUd2l0dGVyYm90fExpbmtlZEluQm90fFNsYWNrYm90fERpc2NvcmRib3R8V2hhdHNBcHB8U2t5cGVVcmlQcmV2aWV3fFlldGkiLCJidW5kbGVQYWdlc1JvdXRlckRlcGVuZGVuY2llcyI6ZmFsc2UsImNvbmZpZ0ZpbGUiOiIvVXNlcnMvREpGTE9XRVJaL0Rlc2t0b3AvZGotZmxvd2Vyei9uZXh0LmNvbmZpZy50cyIsImNvbmZpZ0ZpbGVOYW1lIjoibmV4dC5jb25maWcudHMiLCJ0dXJib3BhY2siOnsicnVsZXMiOnsiKi57anN4LHRzeH0iOnsibG9hZGVycyI6WyIvVXNlcnMvREpGTE9XRVJaL0Rlc2t0b3AvZGotZmxvd2Vyei9ub2RlX21vZHVsZXMvb3JjaGlkcy12aXN1YWwtZWRpdHMvc3JjL2NvbXBvbmVudC10YWdnZXItbG9hZGVyLmpzIl19fSwicm9vdCI6Ii9Vc2Vycy9ESkZMT1dFUlovRGVza3RvcC9kai1mbG93ZXJ6In19&preferredRegion=&middlewareConfig=e30%3D&cacheHandlers=%7B%7D!

./node_modules/@google-cloud/firestore/build/src/util.js:35:1
Module not found: Can't resolve 'crypto'
  33 | exports.isArrayEqual = isArrayEqual;
  34 | exports.isPrimitiveArrayEqual = isPrimitiveArrayEqual;
> 35 | const crypto_1 = require("crypto");
     | ^
  36 | const gapicConfig = require("./v1/firestore_client_config.json");
  37 | /**
  38 |  * A Promise implementation that supports deferred resolution.

https://nextjs.org/docs/messages/module-not-found

Import trace for requested module:
./node_modules/@google-cloud/firestore/build/src/path.js
./node_modules/firebase-admin/lib/firestore/index.js
./node_modules/firebase-admin/lib/esm/firestore/index.js
./src/lib/firebase-admin.ts
./src/app/api/download/route.ts
./node_modules/next/dist/build/webpack/loaders/next-edge-app-route-loader/index.js?absolutePagePath=private-next-app-dir%2Fapi%2Fdownload%2Froute.ts&page=%2Fapi%2Fdownload%2Froute&appDirLoader=bmV4dC1hcHAtbG9hZGVyP25hbWU9YXBwJTJGYXBpJTJGZG93bmxvYWQlMkZyb3V0ZSZwYWdlPSUyRmFwaSUyRmRvd25sb2FkJTJGcm91dGUmcGFnZVBhdGg9cHJpdmF0ZS1uZXh0LWFwcC1kaXIlMkZhcGklMkZkb3dubG9hZCUyRnJvdXRlLnRzJmFwcERpcj0lMkZVc2VycyUyRkRKRkxPV0VSWiUyRkRlc2t0b3AlMkZkai1mbG93ZXJ6JTJGc3JjJTJGYXBwJmFwcFBhdGhzPSUyRmFwaSUyRmRvd25sb2FkJTJGcm91dGUmcGFnZUV4dGVuc2lvbnM9dHN4JnBhZ2VFeHRlbnNpb25zPXRzJnBhZ2VFeHRlbnNpb25zPWpzeCZwYWdlRXh0ZW5zaW9ucz1qcyZiYXNlUGF0aD0mYXNzZXRQcmVmaXg9Jm5leHRDb25maWdPdXRwdXQ9JnByZWZlcnJlZFJlZ2lvbj0mbWlkZGxld2FyZUNvbmZpZz1lMzAlM0QmaXNHbG9iYWxOb3RGb3VuZEVuYWJsZWQ9IQ%3D%3D&nextConfig=eyJlbnYiOnt9LCJ3ZWJwYWNrIjpudWxsLCJlc2xpbnQiOnsiaWdub3JlRHVyaW5nQnVpbGRzIjp0cnVlfSwidHlwZXNjcmlwdCI6eyJpZ25vcmVCdWlsZEVycm9ycyI6dHJ1ZSwidHNjb25maWdQYXRoIjoidHNjb25maWcuanNvbiJ9LCJkaXN0RGlyIjoiLm5leHQiLCJjbGVhbkRpc3REaXIiOnRydWUsImFzc2V0UHJlZml4IjoiIiwiY2FjaGVNYXhNZW1vcnlTaXplIjo1MjQyODgwMCwiY29uZmlnT3JpZ2luIjoibmV4dC5jb25maWcudHMiLCJ1c2VGaWxlU3lzdGVtUHVibGljUm91dGVzIjp0cnVlLCJnZW5lcmF0ZUV0YWdzIjp0cnVlLCJwYWdlRXh0ZW5zaW9ucyI6WyJ0c3giLCJ0cyIsImpzeCIsImpzIl0sInBvd2VyZWRCeUhlYWRlciI6dHJ1ZSwiY29tcHJlc3MiOnRydWUsImltYWdlcyI6eyJkZXZpY2VTaXplcyI6WzY0MCw3NTAsODI4LDEwODAsMTIwMCwxOTIwLDIwNDgsMzg0MF0sImltYWdlU2l6ZXMiOlsxNiwzMiw0OCw2NCw5NiwxMjgsMjU2LDM4NF0sInBhdGgiOiIvX25leHQvaW1hZ2UiLCJsb2FkZXIiOiJkZWZhdWx0IiwibG9hZGVyRmlsZSI6IiIsImRvbWFpbnMiOltdLCJkaXNhYmxlU3RhdGljSW1hZ2VzIjpmYWxzZSwibWluaW11bUNhY2hlVFRMIjo2MCwiZm9ybWF0cyI6WyJpbWFnZS93ZWJwIl0sImRhbmdlcm91c2x5QWxsb3dTVkciOmZhbHNlLCJjb250ZW50U2VjdXJpdHlQb2xpY3kiOiJzY3JpcHQtc3JjICdub25lJzsgZnJhbWUtc3JjICdub25lJzsgc2FuZGJveDsiLCJjb250ZW50RGlzcG9zaXRpb25UeXBlIjoiYXR0YWNobWVudCIsInJlbW90ZVBhdHRlcm5zIjpbeyJwcm90b2NvbCI6Imh0dHBzIiwiaG9zdG5hbWUiOiIqKiJ9LHsicHJvdG9jb2wiOiJodHRwIiwiaG9zdG5hbWUiOiIqKiJ9XSwidW5vcHRpbWl6ZWQiOnRydWV9LCJkZXZJbmRpY2F0b3JzIjp7InBvc2l0aW9uIjoiYm90dG9tLWxlZnQifSwib25EZW1hbmRFbnRyaWVzIjp7Im1heEluYWN0aXZlQWdlIjo2MDAwMCwicGFnZXNCdWZmZXJMZW5ndGgiOjV9LCJhbXAiOnsiY2Fub25pY2FsQmFzZSI6IiJ9LCJiYXNlUGF0aCI6IiIsInNhc3NPcHRpb25zIjp7fSwidHJhaWxpbmdTbGFzaCI6ZmFsc2UsImkxOG4iOm51bGwsInByb2R1Y3Rpb25Ccm93c2VyU291cmNlTWFwcyI6ZmFsc2UsImV4Y2x1ZGVEZWZhdWx0TW9tZW50TG9jYWxlcyI6dHJ1ZSwic2VydmVyUnVudGltZUNvbmZpZyI6e30sInB1YmxpY1J1bnRpbWVDb25maWciOnt9LCJyZWFjdFByb2R1Y3Rpb25Qcm9maWxpbmciOmZhbHNlLCJyZWFjdFN0cmljdE1vZGUiOm51bGwsInJlYWN0TWF4SGVhZGVyc0xlbmd0aCI6NjAwMCwiaHR0cEFnZW50T3B0aW9ucyI6eyJrZWVwQWxpdmUiOnRydWV9LCJsb2dnaW5nIjp7fSwiY29tcGlsZXIiOnt9LCJleHBpcmVUaW1lIjozMTUzNjAwMCwic3RhdGljUGFnZUdlbmVyYXRpb25UaW1lb3V0Ijo2MCwibW9kdWxhcml6ZUltcG9ydHMiOnsiQG11aS9pY29ucy1tYXRlcmlhbCI6eyJ0cmFuc2Zvcm0iOiJAbXVpL2ljb25zLW1hdGVyaWFsL3t7bWVtYmVyfX0ifSwibG9kYXNoIjp7InRyYW5zZm9ybSI6ImxvZGFzaC97e21lbWJlcn19In19LCJvdXRwdXRGaWxlVHJhY2luZ1Jvb3QiOiIvVXNlcnMvREpGTE9XRVJaL0Rlc2t0b3AvZGotZmxvd2VyeiIsImV4cGVyaW1lbnRhbCI6eyJ1c2VTa2V3Q29va2llIjpmYWxzZSwibm9kZU1pZGRsZXdhcmUiOmZhbHNlLCJjYWNoZUxpZmUiOnsiZGVmYXVsdCI6eyJzdGFsZSI6MzAwLCJyZXZhbGlkYXRlIjo5MDAsImV4cGlyZSI6NDI5NDk2NzI5NH0sInNlY29uZHMiOnsic3RhbGUiOjAsInJldmFsaWRhdGUiOjEsImV4cGlyZSI6NjB9LCJtaW51dGVzIjp7InN0YWxlIjozMDAsInJldmFsaWRhdGUiOjYwLCJleHBpcmUiOjM2MDB9LCJob3VycyI6eyJzdGFsZSI6MzAwLCJyZXZhbGlkYXRlIjozNjAwLCJleHBpcmUiOjg2NDAwfSwiZGF5cyI6eyJzdGFsZSI6MzAwLCJyZXZhbGlkYXRlIjo4NjQwMCwiZXhwaXJlIjo2MDQ4MDB9LCJ3ZWVrcyI6eyJzdGFsZSI6MzAwLCJyZXZhbGlkYXRlIjo2MDQ4MDAsImV4cGlyZSI6MjU5MjAwMH0sIm1heCI6eyJzdGFsZSI6MzAwLCJyZXZhbGlkYXRlIjoyNTkyMDAwLCJleHBpcmUiOjQyOTQ5NjcyOTR9fSwiY2FjaGVIYW5kbGVycyI6e30sImNzc0NodW5raW5nIjp0cnVlLCJtdWx0aVpvbmVEcmFmdE1vZGUiOmZhbHNlLCJhcHBOYXZGYWlsSGFuZGxpbmciOmZhbHNlLCJwcmVyZW5kZXJFYXJseUV4aXQiOnRydWUsInNlcnZlck1pbmlmaWNhdGlvbiI6dHJ1ZSwiZW5hYmxlUHJlcmVuZGVyU291cmNlTWFwcyI6ZmFsc2UsInNlcnZlclNvdXJjZU1hcHMiOmZhbHNlLCJsaW5rTm9Ub3VjaFN0YXJ0IjpmYWxzZSwiY2FzZVNlbnNpdGl2ZVJvdXRlcyI6ZmFsc2UsImNsaWVudFNlZ21lbnRDYWNoZSI6ZmFsc2UsImR5bmFtaWNPbkhvdmVyIjpmYWxzZSwicHJlbG9hZEVudHJpZXNPblN0YXJ0Ijp0cnVlLCJjbGllbnRSb3V0ZXJGaWx0ZXIiOnRydWUsImNsaWVudFJvdXRlckZpbHRlclJlZGlyZWN0cyI6ZmFsc2UsImZldGNoQ2FjaGVLZXlQcmVmaXgiOiIiLCJtaWRkbGV3YXJlUHJlZmV0Y2giOiJmbGV4aWJsZSIsIm9wdGltaXN0aWNDbGllbnRDYWNoZSI6dHJ1ZSwibWFudWFsQ2xpZW50QmFzZVBhdGgiOmZhbHNlLCJjcHVzIjo3LCJtZW1vcnlCYXNlZFdvcmtlcnNDb3VudCI6ZmFsc2UsImltZ09wdENvbmN1cnJlbmN5IjpudWxsLCJpbWdPcHRUaW1lb3V0SW5TZWNvbmRzIjo3LCJpbWdPcHRNYXhJbnB1dFBpeGVscyI6MjY4NDAyNjg5LCJpbWdPcHRTZXF1ZW50aWFsUmVhZCI6bnVsbCwiaXNyRmx1c2hUb0Rpc2siOnRydWUsIndvcmtlclRocmVhZHMiOmZhbHNlLCJvcHRpbWl6ZUNzcyI6ZmFsc2UsIm5leHRTY3JpcHRXb3JrZXJzIjpmYWxzZSwic2Nyb2xsUmVzdG9yYXRpb24iOmZhbHNlLCJleHRlcm5hbERpciI6ZmFsc2UsImRpc2FibGVPcHRpbWl6ZWRMb2FkaW5nIjpmYWxzZSwiZ3ppcFNpemUiOnRydWUsImNyYUNvbXBhdCI6ZmFsc2UsImVzbUV4dGVybmFscyI6dHJ1ZSwiZnVsbHlTcGVjaWZpZWQiOmZhbHNlLCJzd2NUcmFjZVByb2ZpbGluZyI6ZmFsc2UsImZvcmNlU3djVHJhbnNmb3JtcyI6ZmFsc2UsImxhcmdlUGFnZURhdGFCeXRlcyI6MTI4MDAwLCJ0eXBlZFJvdXRlcyI6ZmFsc2UsInR5cGVkRW52IjpmYWxzZSwicGFyYWxsZWxTZXJ2ZXJDb21waWxlcyI6ZmFsc2UsInBhcmFsbGVsU2VydmVyQnVpbGRUcmFjZXMiOmZhbHNlLCJwcHIiOmZhbHNlLCJhdXRoSW50ZXJydXB0cyI6ZmFsc2UsIndlYnBhY2tNZW1vcnlPcHRpbWl6YXRpb25zIjpmYWxzZSwib3B0aW1pemVTZXJ2ZXJSZWFjdCI6dHJ1ZSwidXNlRWFybHlJbXBvcnQiOmZhbHNlLCJ2aWV3VHJhbnNpdGlvbiI6ZmFsc2UsInJvdXRlckJGQ2FjaGUiOmZhbHNlLCJyZW1vdmVVbmNhdWdodEVycm9yQW5kUmVqZWN0aW9uTGlzdGVuZXJzIjpmYWxzZSwic3RhbGVUaW1lcyI6eyJkeW5hbWljIjowLCJzdGF0aWMiOjMwMH0sInNlcnZlckNvbXBvbmVudHNIbXJDYWNoZSI6dHJ1ZSwic3RhdGljR2VuZXJhdGlvbk1heENvbmN1cnJlbmN5Ijo4LCJzdGF0aWNHZW5lcmF0aW9uTWluUGFnZXNQZXJXb3JrZXIiOjI1LCJkeW5hbWljSU8iOmZhbHNlLCJpbmxpbmVDc3MiOmZhbHNlLCJ1c2VDYWNoZSI6ZmFsc2UsImdsb2JhbE5vdEZvdW5kIjpmYWxzZSwiZGV2dG9vbFNlZ21lbnRFeHBsb3JlciI6ZmFsc2UsIm9wdGltaXplUGFja2FnZUltcG9ydHMiOlsibHVjaWRlLXJlYWN0IiwiZGF0ZS1mbnMiLCJsb2Rhc2gtZXMiLCJyYW1kYSIsImFudGQiLCJyZWFjdC1ib290c3RyYXAiLCJhaG9va3MiLCJAYW50LWRlc2lnbi9pY29ucyIsIkBoZWFkbGVzc3VpL3JlYWN0IiwiQGhlYWRsZXNzdWktZmxvYXQvcmVhY3QiLCJAaGVyb2ljb25zL3JlYWN0LzIwL3NvbGlkIiwiQGhlcm9pY29ucy9yZWFjdC8yNC9zb2xpZCIsIkBoZXJvaWNvbnMvcmVhY3QvMjQvb3V0bGluZSIsIkB2aXN4L3Zpc3giLCJAdHJlbW9yL3JlYWN0IiwicnhqcyIsIkBtdWkvbWF0ZXJpYWwiLCJAbXVpL2ljb25zLW1hdGVyaWFsIiwicmVjaGFydHMiLCJyZWFjdC11c2UiLCJlZmZlY3QiLCJAZWZmZWN0L3NjaGVtYSIsIkBlZmZlY3QvcGxhdGZvcm0iLCJAZWZmZWN0L3BsYXRmb3JtLW5vZGUiLCJAZWZmZWN0L3BsYXRmb3JtLWJyb3dzZXIiLCJAZWZmZWN0L3BsYXRmb3JtLWJ1biIsIkBlZmZlY3Qvc3FsIiwiQGVmZmVjdC9zcWwtbXNzcWwiLCJAZWZmZWN0L3NxbC1teXNxbDIiLCJAZWZmZWN0L3NxbC1wZyIsIkBlZmZlY3Qvc3FsLXNxdWxpdGUtbm9kZSIsIkBlZmZlY3Qvc3FsLXNxdWxpdGUtYnVuIiwiQGVmZmVjdC9zcWwtc3F1bGl0ZS13YXNtIiwiQGVmZmVjdC9zcWwtc3F1bGl0ZS1yZWFjdC1uYXRpdmUiLCJAZWZmZWN0L3JwYyIsIkBlZmZlY3QvcnBjLWh0dHAiLCJAZWZmZWN0L3R5cGVjbGFzcyIsIkBlZmZlY3QvZXhwZXJpbWVudGFsIiwiQGVmZmVjdC9vcGVudGVsZW1ldHJ5IiwiQG1hdGVyaWFsLXVpL2NvcmUiLCJAbWF0ZXJpYWwtdWkvaWNvbnMiLCJAdGFibGVyL2ljb25zLXJlYWN0IiwibXVpLWNvcmUiLCJyZWFjdC1pY29ucy9haSIsInJlYWN0LWljb25zL2JpIiwicmVhY3QtaWNvbnMvYnMiLCJyZWFjdC1pY29ucy9jZyIsInJlYWN0LWljb25zL2NpIiwicmVhY3QtaWNvbnMvZGkiLCJyZWFjdC1pY29ucy9mYSIsInJlYWN0LWljb25zL2ZhNiIsInJlYWN0LWljb25zL2ZjIiwicmVhY3QtaWNvbnMvZmkiLCJyZWFjdC1pY29ucy9naSIsInJlYWN0LWljb25zL2dvIiwicmVhY3QtaWNvbnMvZ3IiLCJyZWFjdC1pY29ucy9oaSIsInJlYWN0LWljb25zL2hpMiIsInJlYWN0LWljb25zL2ltIiwicmVhY3QtaWNvbnMvaW8iLCJyZWFjdC1pY29ucy9pbzUiLCJyZWFjdC1pY29ucy9saWEiLCJyZWFjdC1pY29ucy9saWIiLCJyZWFjdC1pY29ucy9sdSIsInJlYWN0LWljb25zL21kIiwicmVhY3QtaWNvbnMvcGkiLCJyZWFjdC1pY29ucy9yaSIsInJlYWN0LWljb25zL3J4IiwicmVhY3QtaWNvbnMvc2kiLCJyZWFjdC1pY29ucy9zbCIsInJlYWN0LWljb25zL3RiIiwicmVhY3QtaWNvbnMvdGZpIiwicmVhY3QtaWNvbnMvdGkiLCJyZWFjdC1pY29ucy92c2MiLCJyZWFjdC1pY29ucy93aSJdfSwiaHRtbExpbWl0ZWRCb3RzIjoiTWVkaWFwYXJ0bmVycy1Hb29nbGV8U2x1cnB8RHVja0R1Y2tCb3R8YmFpZHVzcGlkZXJ8eWFuZGV4fHNvZ291fGJpdGx5Ym90fHR1bWJscnx2a1NoYXJlfHF1b3JhIGxpbmsgcHJldmlld3xyZWRkaXRib3R8aWFfYXJjaGl2ZXJ8QmluZ2JvdHxCaW5nUHJldmlld3xhcHBsZWJvdHxmYWNlYm9va2V4dGVybmFsaGl0fGZhY2Vib29rY2F0YWxvZ3xUd2l0dGVyYm90fExpbmtlZEluQm90fFNsYWNrYm90fERpc2NvcmRib3R8V2hhdHNBcHB8U2t5cGVVcmlQcmV2aWV3fFlldGkiLCJidW5kbGVQYWdlc1JvdXRlckRlcGVuZGVuY2llcyI6ZmFsc2UsImNvbmZpZ0ZpbGUiOiIvVXNlcnMvREpGTE9XRVJaL0Rlc2t0b3AvZGotZmxvd2Vyei9uZXh0LmNvbmZpZy50cyIsImNvbmZpZ0ZpbGVOYW1lIjoibmV4dC5jb25maWcudHMiLCJ0dXJib3BhY2siOnsicnVsZXMiOnsiKi57anN4LHRzeH0iOnsibG9hZGVycyI6WyIvVXNlcnMvREpGTE9XRVJaL0Rlc2t0b3AvZGotZmxvd2Vyei9ub2RlX21vZHVsZXMvb3JjaGlkcy12aXN1YWwtZWRpdHMvc3JjL2NvbXBvbmVudC10YWdnZXItbG9hZGVyLmpzIl19fSwicm9vdCI6Ii9Vc2Vycy9ESkZMT1dFUlovRGVza3RvcC9kai1mbG93ZXJ6In19&preferredRegion=&middlewareConfig=e30%3D&cacheHandlers=%7B%7D!


> Build failed because of webpack errors
